mode: set
zoity/application/services.go:14.29,18.2 1 0
zoity/helpers/convert.go:10.33,12.2 1 0
zoity/helpers/convert.go:20.43,22.31 2 0
zoity/helpers/convert.go:22.31,23.20 1 0
zoity/helpers/convert.go:23.20,25.4 1 0
zoity/helpers/convert.go:27.2,27.13 1 0
zoity/helpers/convert.go:30.53,32.38 2 0
zoity/helpers/convert.go:32.38,34.3 1 0
zoity/helpers/convert.go:35.2,35.10 1 0
zoity/helpers/web.go:12.45,15.2 2 0
zoity/helpers/web.go:18.58,20.58 2 0
zoity/helpers/web.go:20.58,22.3 1 0
zoity/helpers/web.go:34.51,36.2 1 0
zoity/helpers/web.go:39.39,40.17 1 0
zoity/helpers/web.go:40.17,42.3 1 0
zoity/helpers/web.go:43.2,43.18 1 0
zoity/helpers/web.go:43.18,45.3 1 0
zoity/helpers/web.go:46.2,46.12 1 0
zoity/infrastructure/repositories.go:7.38,9.2 1 0
zoity/core/core.go:18.38,21.35 2 0
zoity/core/core.go:21.35,23.3 1 0
zoity/core/core.go:25.2,25.37 1 0
zoity/core/config/config.go:19.49,20.33 1 0
zoity/core/config/config.go:20.33,22.3 1 0
zoity/core/config/config.go:25.47,26.33 1 0
zoity/core/config/config.go:26.33,28.3 1 0
zoity/core/config/config.go:31.44,32.33 1 0
zoity/core/config/config.go:32.33,34.3 1 0
zoity/core/config/config.go:38.55,40.27 2 0
zoity/core/config/config.go:40.27,42.3 1 0
zoity/core/config/config.go:44.2,44.55 1 0
zoity/core/config/config.go:44.55,46.3 1 0
zoity/core/config/config.go:48.2,56.39 7 0
zoity/core/config/config.go:56.39,58.3 1 0
zoity/core/config/config.go:60.2,60.17 1 0
zoity/core/config/config.go:72.38,74.2 1 0
zoity/core/config/config.go:77.39,79.2 1 0
zoity/core/config/config.go:82.35,84.2 1 0
zoity/core/config/database.go:39.53,40.31 1 0
zoity/core/config/database.go:40.31,41.67 1 0
zoity/core/config/database.go:41.67,43.4 1 0
zoity/core/config/database.go:45.2,45.12 1 0
zoity/core/config/database.go:48.45,49.21 1 0
zoity/core/config/database.go:49.21,53.3 3 0
zoity/core/config/database.go:55.2,55.29 1 0
zoity/core/config/database.go:55.29,58.56 3 0
zoity/core/config/database.go:58.56,60.12 2 0
zoity/core/config/database.go:62.3,63.66 2 0
zoity/core/config/logging.go:8.28,10.23 2 0
zoity/core/config/logging.go:10.23,12.3 1 0
zoity/core/config/logging.go:13.2,13.40 1 0
zoity/core/config/server.go:23.37,25.2 1 0
zoity/core/config/server.go:27.43,28.21 1 0
zoity/core/config/server.go:28.21,32.3 3 0
zoity/core/config/server.go:34.2,34.29 1 0
zoity/core/config/server.go:34.29,37.60 3 0
zoity/core/config/server.go:37.60,39.12 2 0
zoity/core/config/server.go:41.3,42.62 2 0
zoity/services/database/connections.go:22.50,28.38 2 0
zoity/services/database/connections.go:28.38,29.94 1 0
zoity/services/database/connections.go:29.94,31.12 2 0
zoity/services/database/connections.go:34.3,39.66 5 0
zoity/services/database/connections.go:39.66,41.12 2 0
zoity/services/database/connections.go:45.2,45.38 1 0
zoity/services/database/connections.go:49.42,50.33 1 0
zoity/services/database/connections.go:50.33,51.16 1 0
zoity/services/database/connections.go:51.16,52.12 1 0
zoity/services/database/connections.go:54.3,54.17 1 0
zoity/services/database/connections.go:59.60,61.20 2 0
zoity/services/database/connections.go:61.20,63.3 1 0
zoity/services/database/connections.go:65.2,65.50 1 0
zoity/services/database/connections.go:65.50,67.3 1 0
zoity/services/database/connections.go:69.2,69.12 1 0
zoity/services/database/connections.go:73.98,75.27 2 0
zoity/services/database/connections.go:75.27,77.3 1 0
zoity/services/database/connections.go:79.2,85.16 3 0
zoity/services/database/connections.go:85.16,87.3 1 0
zoity/services/database/connections.go:89.2,89.34 1 0
zoity/services/database/options.go:12.35,18.2 1 0
zoity/services/database/options.go:24.55,25.28 1 0
zoity/services/database/options.go:25.28,27.3 1 0
zoity/services/database/options.go:31.26,32.28 1 0
zoity/services/database/options.go:32.28,34.3 1 0
zoity/services/database/options.go:38.41,39.28 1 0
zoity/services/database/options.go:39.28,41.3 1 0
zoity/services/database/transaction.go:14.38,15.17 1 0
zoity/services/database/transaction.go:15.17,17.3 1 0
zoity/services/database/transaction.go:18.2,18.22 1 0
zoity/services/database/transaction.go:22.34,24.2 1 0
zoity/services/database/transaction.go:27.96,29.2 1 0
zoity/services/database/transaction.go:32.89,34.2 1 0
zoity/services/database/transaction.go:37.96,39.2 1 0
zoity/services/database/transaction.go:42.85,44.2 1 0
zoity/services/database/transaction.go:47.75,49.2 1 0
zoity/cmd/app/main.go:12.13,14.16 2 0
zoity/cmd/app/main.go:14.16,15.13 1 0
zoity/cmd/app/main.go:18.2,24.94 4 0
zoity/cmd/app/main.go:24.94,26.3 1 0
